// Jest Snapshot v1, https://goo.gl/fbAQLP

exports[`Message render content 1`] = `
<li
  className="message "
>
  <strong>
    Ivan
    :
  </strong>
   
  Hello
</li>
`;
